// Jest Snapshot v1, https://goo.gl/fbAQLP

exports[`<BigCalendar /> should match snapshot 1`] = `
<div>
  <div
    class="sc-AxhCb djqnBx"
  >
    <div
      class="rbc-calendar"
      style="height: 600px;"
    >
      <div
        class="sc-Axmtr kOaucV"
      >
        <div
          class="sc-AxheI kNCKog"
        >
          <button
            class="sc-AxgMl sc-AxmLO MIcGi"
          >
            Today
          </button>
          <button
            class="sc-AxgMl sc-AxmLO MIcGi"
          >
            Back
          </button>
          <button
            class="sc-AxgMl sc-AxmLO MIcGi"
          >
            Next
          </button>
        </div>
        <span
          class="sc-fzozJi fjaCUm"
        >
          <b>
            January
          </b>
           
          2017
        </span>
        <div
          class="sc-AxheI kNCKog"
        >
          <button
            class="sc-AxgMl sc-AxmLO MIcGi"
          >
            Day
          </button>
          <button
            class="sc-AxgMl sc-AxmLO MIcGi"
          >
            Week
          </button>
          <button
            class="sc-AxgMl sc-AxmLO MIcGi"
          >
            Month
          </button>
        </div>
      </div>
      <div
        class="rbc-month-view"
      >
        <div
          class="rbc-row rbc-month-header"
        >
          <div
            class="rbc-header"
          >
            <span>
              Sun
            </span>
          </div>
          <div
            class="rbc-header"
          >
            <span>
              Mon
            </span>
          </div>
          <div
            class="rbc-header"
          >
            <span>
              Tue
            </span>
          </div>
          <div
            class="rbc-header"
          >
            <span>
              Wed
            </span>
          </div>
          <div
            class="rbc-header"
          >
            <span>
              Thu
            </span>
          </div>
          <div
            class="rbc-header"
          >
            <span>
              Fri
            </span>
          </div>
          <div
            class="rbc-header"
          >
            <span>
              Sat
            </span>
          </div>
        </div>
        <div
          class="rbc-month-row"
        >
          <div
            class="rbc-row-bg"
          >
            <div
              class="rbc-day-bg"
            />
            <div
              class="rbc-day-bg"
            />
            <div
              class="rbc-day-bg"
            />
            <div
              class="rbc-day-bg"
            />
            <div
              class="rbc-day-bg"
            />
            <div
              class="rbc-day-bg"
            />
            <div
              class="rbc-day-bg"
            />
          </div>
          <div
            class="rbc-row-content"
          >
            <div
              class="rbc-row "
            >
              <div
                class="rbc-date-cell rbc-current"
              >
                <a
                  href="#"
                >
                  01
                </a>
              </div>
              <div
                class="rbc-date-cell"
              >
                <a
                  href="#"
                >
                  02
                </a>
              </div>
              <div
                class="rbc-date-cell"
              >
                <a
                  href="#"
                >
                  03
                </a>
              </div>
              <div
                class="rbc-date-cell"
              >
                <a
                  href="#"
                >
                  04
                </a>
              </div>
              <div
                class="rbc-date-cell"
              >
                <a
                  href="#"
                >
                  05
                </a>
              </div>
              <div
                class="rbc-date-cell"
              >
                <a
                  href="#"
                >
                  06
                </a>
              </div>
              <div
                class="rbc-date-cell"
              >
                <a
                  href="#"
                >
                  07
                </a>
              </div>
            </div>
            <div
              class="rbc-row"
            >
              <div
                class="rbc-row-segment"
                style="flex-basis: 14.285714285714285%; max-width: 14.285714285714285%;"
              >
                <div
                  class="sc-AxjAm eAGnuO"
                >
                  <span
                    class="sc-AxirZ cOgLMt"
                  >
                    Mike
                  </span>
                  <span
                    class="sc-AxirZ sc-AxiKw iLSsjr"
                  >
                     - 
                    sickness
                  </span>
                </div>
              </div>
              <div
                class="rbc-row-segment"
                style="flex-basis: 28.57142857142857%; max-width: 28.57142857142857%;"
              >
                <div
                  class="sc-AxjAm iqqVjM"
                >
                  <span
                    class="sc-AxirZ cOgLMt"
                  >
                    Tom
                  </span>
                  <span
                    class="sc-AxirZ sc-AxiKw iLSsjr"
                  >
                     - 
                    vacation
                  </span>
                </div>
              </div>
            </div>
          </div>
        </div>
        <div
          class="rbc-month-row"
        >
          <div
            class="rbc-row-bg"
          >
            <div
              class="rbc-day-bg"
            />
            <div
              class="rbc-day-bg"
            />
            <div
              class="rbc-day-bg"
            />
            <div
              class="rbc-day-bg"
            />
            <div
              class="rbc-day-bg"
            />
            <div
              class="rbc-day-bg"
            />
            <div
              class="rbc-day-bg"
            />
          </div>
          <div
            class="rbc-row-content"
          >
            <div
              class="rbc-row "
            >
              <div
                class="rbc-date-cell"
              >
                <a
                  href="#"
                >
                  08
                </a>
              </div>
              <div
                class="rbc-date-cell"
              >
                <a
                  href="#"
                >
                  09
                </a>
              </div>
              <div
                class="rbc-date-cell"
              >
                <a
                  href="#"
                >
                  10
                </a>
              </div>
              <div
                class="rbc-date-cell"
              >
                <a
                  href="#"
                >
                  11
                </a>
              </div>
              <div
                class="rbc-date-cell"
              >
                <a
                  href="#"
                >
                  12
                </a>
              </div>
              <div
                class="rbc-date-cell"
              >
                <a
                  href="#"
                >
                  13
                </a>
              </div>
              <div
                class="rbc-date-cell"
              >
                <a
                  href="#"
                >
                  14
                </a>
              </div>
            </div>
          </div>
        </div>
        <div
          class="rbc-month-row"
        >
          <div
            class="rbc-row-bg"
          >
            <div
              class="rbc-day-bg"
            />
            <div
              class="rbc-day-bg"
            />
            <div
              class="rbc-day-bg"
            />
            <div
              class="rbc-day-bg"
            />
            <div
              class="rbc-day-bg"
            />
            <div
              class="rbc-day-bg"
            />
            <div
              class="rbc-day-bg"
            />
          </div>
          <div
            class="rbc-row-content"
          >
            <div
              class="rbc-row "
            >
              <div
                class="rbc-date-cell"
              >
                <a
                  href="#"
                >
                  15
                </a>
              </div>
              <div
                class="rbc-date-cell"
              >
                <a
                  href="#"
                >
                  16
                </a>
              </div>
              <div
                class="rbc-date-cell"
              >
                <a
                  href="#"
                >
                  17
                </a>
              </div>
              <div
                class="rbc-date-cell"
              >
                <a
                  href="#"
                >
                  18
                </a>
              </div>
              <div
                class="rbc-date-cell"
              >
                <a
                  href="#"
                >
                  19
                </a>
              </div>
              <div
                class="rbc-date-cell"
              >
                <a
                  href="#"
                >
                  20
                </a>
              </div>
              <div
                class="rbc-date-cell"
              >
                <a
                  href="#"
                >
                  21
                </a>
              </div>
            </div>
          </div>
        </div>
        <div
          class="rbc-month-row"
        >
          <div
            class="rbc-row-bg"
          >
            <div
              class="rbc-day-bg"
            />
            <div
              class="rbc-day-bg"
            />
            <div
              class="rbc-day-bg"
            />
            <div
              class="rbc-day-bg"
            />
            <div
              class="rbc-day-bg"
            />
            <div
              class="rbc-day-bg"
            />
            <div
              class="rbc-day-bg"
            />
          </div>
          <div
            class="rbc-row-content"
          >
            <div
              class="rbc-row "
            >
              <div
                class="rbc-date-cell"
              >
                <a
                  href="#"
                >
                  22
                </a>
              </div>
              <div
                class="rbc-date-cell"
              >
                <a
                  href="#"
                >
                  23
                </a>
              </div>
              <div
                class="rbc-date-cell"
              >
                <a
                  href="#"
                >
                  24
                </a>
              </div>
              <div
                class="rbc-date-cell"
              >
                <a
                  href="#"
                >
                  25
                </a>
              </div>
              <div
                class="rbc-date-cell"
              >
                <a
                  href="#"
                >
                  26
                </a>
              </div>
              <div
                class="rbc-date-cell"
              >
                <a
                  href="#"
                >
                  27
                </a>
              </div>
              <div
                class="rbc-date-cell"
              >
                <a
                  href="#"
                >
                  28
                </a>
              </div>
            </div>
          </div>
        </div>
        <div
          class="rbc-month-row"
        >
          <div
            class="rbc-row-bg"
          >
            <div
              class="rbc-day-bg"
            />
            <div
              class="rbc-day-bg"
            />
            <div
              class="rbc-day-bg"
            />
            <div
              class="rbc-day-bg rbc-off-range-bg"
            />
            <div
              class="rbc-day-bg rbc-off-range-bg"
            />
            <div
              class="rbc-day-bg rbc-off-range-bg"
            />
            <div
              class="rbc-day-bg rbc-off-range-bg"
            />
          </div>
          <div
            class="rbc-row-content"
          >
            <div
              class="rbc-row "
            >
              <div
                class="rbc-date-cell"
              >
                <a
                  href="#"
                >
                  29
                </a>
              </div>
              <div
                class="rbc-date-cell"
              >
                <a
                  href="#"
                >
                  30
                </a>
              </div>
              <div
                class="rbc-date-cell"
              >
                <a
                  href="#"
                >
                  31
                </a>
              </div>
              <div
                class="rbc-date-cell rbc-off-range"
              >
                <a
                  href="#"
                >
                  01
                </a>
              </div>
              <div
                class="rbc-date-cell rbc-off-range"
              >
                <a
                  href="#"
                >
                  02
                </a>
              </div>
              <div
                class="rbc-date-cell rbc-off-range"
              >
                <a
                  href="#"
                >
                  03
                </a>
              </div>
              <div
                class="rbc-date-cell rbc-off-range"
              >
                <a
                  href="#"
                >
                  04
                </a>
              </div>
            </div>
          </div>
        </div>
      </div>
    </div>
  </div>
</div>
`;
